<?xml version="1.0" encoding="UTF-8"?>
<testsuites>
  <testsuite name="Tests\Feature\UserManagement\MeQueryTest" file="/var/www/tests/Feature/UserManagement/MeQueryTest.php" tests="1" assertions="1" errors="0" failures="1" skipped="0" time="1.022322">
    <testcase name="authenticated_user_can_get_their_information" file="/var/www/tests/Feature/UserManagement/MeQueryTest.php" line="49" class="Tests\Feature\UserManagement\MeQueryTest" classname="Tests.Feature.UserManagement.MeQueryTest" assertions="1" time="1.022322">
      <failure type="PHPUnit\Framework\ExpectationFailedException">Tests\Feature\UserManagement\MeQueryTest::authenticated_user_can_get_their_information
Failed asserting that an array has the key 'data'.

/var/www/vendor/laravel/framework/src/Illuminate/Testing/AssertableJsonString.php:299
/var/www/vendor/laravel/framework/src/Illuminate/Testing/TestResponse.php:978
/var/www/tests/Feature/UserManagement/MeQueryTest.php:96</failure>
    </testcase>
  </testsuite>
</testsuites>
